// Jest Snapshot v1, https://jestjs.io/docs/snapshot-testing

exports[`ProductCard Component matches snapshot 1`] = `
<DocumentFragment>
  <a
    href="/products/1"
  >
    <div
      class="relative mb-4 h-[260px] w-full"
    >
      <img
        alt="Test Product"
        class="absolute inset-0 h-full w-full object-contain "
        decoding="async"
        loading="lazy"
        src="https://i.imgur.com/sample.jpg"
      />
    </div>
    <h3
      class="mb-2 line-clamp-2 text-base font-semibold text-black"
    >
      Test Product
    </h3>
    <p
      class="mb-3 font-semibold text-black"
    >
      $100
    </p>
    <span
      class="mt-auto text-sm text-black hover:underline"
    >
      View Detail
    </span>
  </a>
</DocumentFragment>
`;
